// Jest Snapshot v1, https://goo.gl/fbAQLP

exports[`renders the root component correctly 1`] = `
<div
  class="container"
>
  <header
    class="header"
  >
    <div
      class="logo"
    >
      <a
        href="/"
      >
        <img
          alt="logo"
          height="100"
          src="images.png"
          width="100"
        />
      </a>
    </div>
    <ul>
      <li>
        <a
          href="/login"
        >
          <svg
            fill="currentColor"
            height="1em"
            stroke="currentColor"
            stroke-width="0"
            viewBox="0 0 512 512"
            width="1em"
            xmlns="http://www.w3.org/2000/svg"
          >
            <path
              d="M416 448h-84c-6.6 0-12-5.4-12-12v-40c0-6.6 5.4-12 12-12h84c17.7 0 32-14.3 32-32V160c0-17.7-14.3-32-32-32h-84c-6.6 0-12-5.4-12-12V76c0-6.6 5.4-12 12-12h84c53 0 96 43 96 96v192c0 53-43 96-96 96zm-47-201L201 79c-15-15-41-4.5-41 17v96H24c-13.3 0-24 10.7-24 24v96c0 13.3 10.7 24 24 24h136v96c0 21.5 26 32 41 17l168-168c9.3-9.4 9.3-24.6 0-34z"
            />
          </svg>
           Login
        </a>
      </li>
      <li>
        <a
          href="/register"
        >
          <svg
            fill="currentColor"
            height="1em"
            stroke="currentColor"
            stroke-width="0"
            viewBox="0 0 448 512"
            width="1em"
            xmlns="http://www.w3.org/2000/svg"
          >
            <path
              d="M224 256c70.7 0 128-57.3 128-128S294.7 0 224 0 96 57.3 96 128s57.3 128 128 128zm89.6 32h-16.7c-22.2 10.2-46.9 16-72.9 16s-50.6-5.8-72.9-16h-16.7C60.2 288 0 348.2 0 422.4V464c0 26.5 21.5 48 48 48h352c26.5 0 48-21.5 48-48v-41.6c0-74.2-60.2-134.4-134.4-134.4z"
            />
          </svg>
           Register
        </a>
      </li>
    </ul>
  </header>
  <section
    class="heading"
  >
    <p>
      Login and start making your own todo list
    </p>
  </section>
  <section
    class="form"
  >
    <form>
      <div
        class="form-group"
      >
        <input
          class="form-control"
          id="email"
          name="email"
          placeholder="Enter your email"
          type="email"
          value=""
        />
      </div>
      <div
        class="form-group"
      >
        <input
          class="form-control"
          id="password"
          name="password"
          placeholder="Enter password"
          type="password"
          value=""
        />
      </div>
      <div
        class="form-group"
      >
        <button
          class="btn btn-block"
          type="submit"
        >
          Submit
        </button>
      </div>
    </form>
  </section>
</div>
`;
